// Jest Snapshot v1, https://goo.gl/fbAQLP

exports[`LabelForm should match snapshot 1`] = `
<DocumentFragment>
  .c0 {
  width: 100%;
  height: 100vh;
  position: fixed;
  top: 0;
  left: 0;
  z-index: 1000;
  background-color: rgba(0,0,0,0.3);
}

<div
    class="c0"
  />
  .c5 {
  width: 100%;
  display: -webkit-box;
  display: -webkit-flex;
  display: -ms-flexbox;
  display: flex;
  -webkit-flex-direction: column;
  -ms-flex-direction: column;
  flex-direction: column;
  -webkit-align-items: center;
  -webkit-box-align: center;
  -ms-flex-align: center;
  align-items: center;
}

.c6 {
  display: -webkit-box;
  display: -webkit-flex;
  display: -ms-flexbox;
  display: flex;
  -webkit-flex-direction: column;
  -ms-flex-direction: column;
  flex-direction: column;
  margin-bottom: 1rem;
  width: 100%;
  max-width: 300px;
}

.c7 {
  font-size: 1.5rem;
  margin-bottom: 0.75rem;
}

.c8 {
  font-size: 1.25rem;
  width: 100%;
  max-width: 300px;
}

.c8:focus {
  outline: thin dotted;
}

.c9 {
  color: #fff;
  background-color: #FFC136;
  border: 1px solid #707070;
  padding: 0.75rem;
  font-size: 1rem;
  min-width: 150px;
  display: inline-block;
  text-align: center;
  margin-top: 16px;
  margin-left: 0;
  margin-right: 0;
}

.c9:hover {
  cursor: pointer;
}

.c9:disabled {
  -webkit-filter: grayscale(1);
  filter: grayscale(1);
}

.c0 {
  position: fixed;
  width: calc(100% - 1rem - 1rem);
  height: calc(90vh - 1rem - 1rem);
  top: 1rem;
  left: 50%;
  -webkit-transform: translateX(-50%);
  -ms-transform: translateX(-50%);
  transform: translateX(-50%);
  padding: 1rem 0;
  background-color: #AFE9FF;
  border: 1px solid #707070;
  z-index: 1000;
  max-width: 350px;
  overflow: scroll;
}

.c4 {
  width: 100%;
  text-align: center;
  font-size: 2rem;
}

.c1 {
  width: 50px;
  height: 50px;
  position: relative;
  display: block;
  margin-left: auto;
  margin-right: 0;
  border: none;
  background-color: transparent;
}

.c1:hover {
  cursor: pointer;
}

.c2 {
  height: 100%;
  width: 2px;
  position: absolute;
  top: 0%;
  left: 50%;
  background-color: #FF9191;
  -webkit-transform: rotate(45deg);
  -ms-transform: rotate(45deg);
  transform: rotate(45deg);
}

.c3 {
  height: 100%;
  width: 2px;
  position: absolute;
  top: 0%;
  left: 50%;
  background-color: #FF9191;
  -webkit-transform: rotate(-45deg);
  -ms-transform: rotate(-45deg);
  transform: rotate(-45deg);
}

<div
    class="c0"
  >
    <button
      class="c1"
      data-testid="Add label-close"
      type="button"
    >
      <div
        class="c2"
        rotate="45"
      />
      <div
        class="c3"
        rotate="-45"
      />
    </button>
    <h2
      class="c4"
      data-testid="Add label-header"
    >
      Add label
    </h2>
    <form
      class="c5"
      novalidate=""
    >
      <div
        class="c6"
      >
        <label
          class="c7"
          for="title"
        >
          Title
        </label>
        <input
          class="c8"
          data-testid="title"
          id="title"
          maxlength="30"
          minlength="6"
          name="title"
          type="text"
        />
      </div>
      <input
        data-testid="color"
        value=""
      />
      <button
        class="c9"
        data-testid="submit"
        type="submit"
      >
        Send
      </button>
    </form>
  </div>
</DocumentFragment>
`;
