// Jest Snapshot v1, https://goo.gl/fbAQLP

exports[`PopUp should match snapshot 1`] = `<DocumentFragment />`;
