// Jest Snapshot v1, https://goo.gl/fbAQLP

exports[`LoginPage should match snapshot 1`] = `
<DocumentFragment>
  .c1 {
  display: -webkit-box;
  display: -webkit-flex;
  display: -ms-flexbox;
  display: flex;
  -webkit-flex-direction: column;
  -ms-flex-direction: column;
  flex-direction: column;
  -webkit-align-items: center;
  -webkit-box-align: center;
  -ms-flex-align: center;
  align-items: center;
  -webkit-box-pack: center;
  -webkit-justify-content: center;
  -ms-flex-pack: center;
  justify-content: center;
}

.c2 {
  height: 100vh;
  width: 100%;
}

.c2::last-child {
  margin-bottom: 0;
}

.c6 {
  color: #fff;
  background-color: #FFC136;
  border: 1px solid #707070;
  padding: 1.25rem;
  font-size: 1.5rem;
  min-width: 150px;
  display: inline-block;
  text-align: center;
  margin-top: 16px;
  margin-left: 0;
  margin-right: 0;
}

.c6:hover {
  cursor: pointer;
}

.c0 {
  min-height: 100vh;
  width: 100%;
}

.c3 {
  display: -webkit-box;
  display: -webkit-flex;
  display: -ms-flexbox;
  display: flex;
  -webkit-flex-direction: column;
  -ms-flex-direction: column;
  flex-direction: column;
  margin-bottom: 1rem;
  width: 100%;
  max-width: 300px;
}

.c4 {
  font-size: 1.5rem;
  margin-bottom: 0.75rem;
}

.c5 {
  font-size: 1.25rem;
  width: 100%;
  max-width: 300px;
}

.c5:focus {
  outline: thin dotted;
}

<main
    class="c0"
  >
    <form
      class="c1 c2"
      novalidate=""
    >
      <div
        class="c3"
      >
        <label
          class="c4"
          for="login"
        >
          Login
        </label>
        <input
          class="c5"
          data-testid="login"
          id="login"
          maxlength="30"
          minlength="6"
          name="login"
          type="text"
        />
      </div>
      <div
        class="c3"
      >
        <label
          class="c4"
          for="password"
        >
          Password
        </label>
        <input
          autocomplete="on"
          class="c5"
          data-testid="password"
          id="password"
          maxlength="30"
          minlength="6"
          name="password"
          type="password"
        />
      </div>
      <button
        class="c6"
        data-testid="submit"
        type="submit"
      >
        Log in
      </button>
    </form>
  </main>
</DocumentFragment>
`;
