// Jest Snapshot v1, https://goo.gl/fbAQLP

exports[`LabelList should match snapshot 1`] = `
<DocumentFragment>
  .c0 {
  width: 100%;
  height: 100vh;
  position: fixed;
  top: 0;
  left: 0;
  z-index: 1000;
  background-color: rgba(0,0,0,0.3);
}

<div
    class="c0"
  />
  .c9 {
  background-color: #333333;
  padding: 0.75rem;
  width: auto;
  border-radius: 20px;
}

.c5 {
  display: -webkit-box;
  display: -webkit-flex;
  display: -ms-flexbox;
  display: flex;
  -webkit-flex-direction: column;
  -ms-flex-direction: column;
  flex-direction: column;
  -webkit-align-items: flex-start;
  -webkit-box-align: flex-start;
  -ms-flex-align: flex-start;
  align-items: flex-start;
  padding: 0.75rem;
  padding-top: 0;
}

.c6 {
  margin-bottom: 0.5rem;
}

.c7 {
  color: #fff;
  background-color: #FFC136;
  border: 1px solid #707070;
  padding: 0.75rem;
  font-size: 1rem;
  min-width: none;
  display: inline-block;
  text-align: center;
  margin-top: 0;
  margin-left: 0;
  margin-right: 0.75rem;
}

.c7:hover {
  cursor: pointer;
}

.c7:disabled {
  -webkit-filter: grayscale(1);
  filter: grayscale(1);
}

.c8 {
  color: #000000;
  background-color: #FF9191;
  border: 1px solid #707070;
  padding: 0.75rem;
  font-size: 1rem;
  min-width: none;
  display: inline-block;
  text-align: center;
  margin-top: 0;
  margin-left: 0;
  margin-right: 0;
}

.c8:hover {
  cursor: pointer;
}

.c8:disabled {
  -webkit-filter: grayscale(1);
  filter: grayscale(1);
}

.c0 {
  position: fixed;
  width: calc(100% - 1rem - 1rem);
  height: calc(90vh - 1rem - 1rem);
  top: 1rem;
  left: 50%;
  -webkit-transform: translateX(-50%);
  -ms-transform: translateX(-50%);
  transform: translateX(-50%);
  padding: 1rem 0;
  background-color: #AFE9FF;
  border: 1px solid #707070;
  z-index: 1000;
  max-width: 350px;
  overflow: scroll;
}

.c4 {
  width: 100%;
  text-align: center;
  font-size: 2rem;
}

.c1 {
  width: 50px;
  height: 50px;
  position: relative;
  display: block;
  margin-left: auto;
  margin-right: 0;
  border: none;
  background-color: transparent;
}

.c1:hover {
  cursor: pointer;
}

.c1:disabled {
  -webkit-filter: grayscale(1);
  filter: grayscale(1);
}

.c2 {
  height: 100%;
  width: 2px;
  position: absolute;
  top: 0%;
  left: 50%;
  background-color: #FF9191;
  -webkit-transform: rotate(45deg);
  -ms-transform: rotate(45deg);
  transform: rotate(45deg);
}

.c3 {
  height: 100%;
  width: 2px;
  position: absolute;
  top: 0%;
  left: 50%;
  background-color: #FF9191;
  -webkit-transform: rotate(-45deg);
  -ms-transform: rotate(-45deg);
  transform: rotate(-45deg);
}

<div
    class="c0"
  >
    <button
      class="c1"
      data-testid="Label list-close"
      type="button"
    >
      <div
        class="c2"
        rotate="45"
      />
      <div
        class="c3"
        rotate="-45"
      />
    </button>
    <h2
      class="c4"
      data-testid="Label list-header"
    >
      Label list
    </h2>
    <div
      class="c5"
    >
      <div
        class="c6"
      >
        <button
          class="c7"
          data-testid="edit"
        >
          Edit label
        </button>
        <button
          class="c8"
          data-testid="delete1"
        >
          X
        </button>
      </div>
      <small
        class="c9"
        color="#333333"
      >
        title
      </small>
    </div>
  </div>
</DocumentFragment>
`;
