// Jest Snapshot v1, https://goo.gl/fbAQLP

exports[`OfflineAlert should match snapshot 1`] = `<DocumentFragment />`;
